/*
	Copyright 2015 Robert Elder Software Inc.  All rights reserved.

	This software is not currently available under any license, and unauthorized use
	or copying is not permitted.

	This software will likely be available under a common open source license in the
	near future.  Licensing is currently pending feedback from a lawyer.  If you have
	an opinion on this subject you can send it to recc [at] robertelder.org.

	This program comes with ABSOLUTELY NO WARRANTY.  In no event shall Robert Elder
	Software Inc. be liable for incidental or consequential damages in connection with
	use of this software.
*/

#include "T0_IDENTIFIER_to_T1_IDENTIFIER_map.h"
#include <stdio.h>

int struct_T0_IDENTIFIER_to_T1_IDENTIFIER_key_value_pair_compare(struct T0_IDENTIFIER_to_T1_IDENTIFIER_key_value_pair * a, struct T0_IDENTIFIER_to_T1_IDENTIFIER_key_value_pair *b){
	return T0_IDENTIFIER_compare(a->key, b->key);
}

void T0_IDENTIFIER_to_T1_IDENTIFIER_map_create(struct T0_IDENTIFIER_to_T1_IDENTIFIER_map * map){
	binary_exponential_buffer_create(&map->key_value_pairs, sizeof(struct T0_IDENTIFIER_to_T1_IDENTIFIER_key_value_pair));
}

void T0_IDENTIFIER_to_T1_IDENTIFIER_map_destroy(struct T0_IDENTIFIER_to_T1_IDENTIFIER_map * map){
	binary_exponential_buffer_destroy(&map->key_value_pairs);
}

void T0_IDENTIFIER_to_T1_IDENTIFIER_map_put(struct T0_IDENTIFIER_to_T1_IDENTIFIER_map * map, T0_LITERAL key, T1_LITERAL value){
	struct T0_IDENTIFIER_to_T1_IDENTIFIER_key_value_pair kvp;
	struct T0_IDENTIFIER_to_T1_IDENTIFIER_key_value_pair * data;
	int closest;
	unsigned int i;
	unsigned int old_num;
	kvp.key = key;
	kvp.value = value;
	/*  Make sure there is no pre-existing item with that key */
	assert(-1 == struct_T0_IDENTIFIER_to_T1_IDENTIFIER_key_value_pair_binary_search((struct T0_IDENTIFIER_to_T1_IDENTIFIER_key_value_pair*)binary_exponential_buffer_data(&map->key_value_pairs), kvp, (int)binary_exponential_buffer_size(&map->key_value_pairs), struct_T0_IDENTIFIER_to_T1_IDENTIFIER_key_value_pair_compare, struct_T0_IDENTIFIER_to_T1_IDENTIFIER_key_value_pair_BINARY_SEARCH_RETURN_NEG_ONE));
	closest = struct_T0_IDENTIFIER_to_T1_IDENTIFIER_key_value_pair_binary_search((struct T0_IDENTIFIER_to_T1_IDENTIFIER_key_value_pair*)binary_exponential_buffer_data(&map->key_value_pairs), kvp, (int)binary_exponential_buffer_size(&map->key_value_pairs), struct_T0_IDENTIFIER_to_T1_IDENTIFIER_key_value_pair_compare, struct_T0_IDENTIFIER_to_T1_IDENTIFIER_key_value_pair_BINARY_SEARCH_RETURN_MIN);
	old_num = binary_exponential_buffer_size(&map->key_value_pairs);
	binary_exponential_buffer_increment(&map->key_value_pairs, 1);
	data = (struct T0_IDENTIFIER_to_T1_IDENTIFIER_key_value_pair *)binary_exponential_buffer_data(&map->key_value_pairs);

	/*  Move the array elements down by 1 */
	if(old_num){
		for(i = old_num -1 ; i >= (unsigned int)closest; i--){
			data[i + 1] = data[i];
			if(i == (unsigned int)closest){
				break;
			}
		}
		data[closest] = kvp; /*  Add the new element to its sorted position */
	}else{
		data[0] = kvp;
	}
}

T1_LITERAL T0_IDENTIFIER_to_T1_IDENTIFIER_map_get(struct T0_IDENTIFIER_to_T1_IDENTIFIER_map * map, T0_LITERAL key){
	struct T0_IDENTIFIER_to_T1_IDENTIFIER_key_value_pair search_kvp;
	unsigned int size = binary_exponential_buffer_size(&map->key_value_pairs);
	struct T0_IDENTIFIER_to_T1_IDENTIFIER_key_value_pair * data = (struct T0_IDENTIFIER_to_T1_IDENTIFIER_key_value_pair *)binary_exponential_buffer_data(&map->key_value_pairs);
	int found_index;
	search_kvp.key = key;
	found_index = struct_T0_IDENTIFIER_to_T1_IDENTIFIER_key_value_pair_binary_search(data, search_kvp, (int)size, struct_T0_IDENTIFIER_to_T1_IDENTIFIER_key_value_pair_compare, struct_T0_IDENTIFIER_to_T1_IDENTIFIER_key_value_pair_BINARY_SEARCH_RETURN_NEG_ONE);
	assert(found_index != -1 && "Map item with that key was not found.  Check for exists first.");
	return data[found_index].value;
}

unsigned int T0_IDENTIFIER_to_T1_IDENTIFIER_map_exists(struct T0_IDENTIFIER_to_T1_IDENTIFIER_map * map, T0_LITERAL key){
	/*  Returns 1 if an item with that key exists in the map.  0 otherwise. */
	struct T0_IDENTIFIER_to_T1_IDENTIFIER_key_value_pair search_kvp;
	unsigned int size = binary_exponential_buffer_size(&map->key_value_pairs);
	struct T0_IDENTIFIER_to_T1_IDENTIFIER_key_value_pair * data = (struct T0_IDENTIFIER_to_T1_IDENTIFIER_key_value_pair *)binary_exponential_buffer_data(&map->key_value_pairs);
	int found_index;
	search_kvp.key = key;
	found_index = struct_T0_IDENTIFIER_to_T1_IDENTIFIER_key_value_pair_binary_search(data, search_kvp, (int)size, struct_T0_IDENTIFIER_to_T1_IDENTIFIER_key_value_pair_compare, struct_T0_IDENTIFIER_to_T1_IDENTIFIER_key_value_pair_BINARY_SEARCH_RETURN_NEG_ONE);
	if(found_index == -1){
		return 0;
	}else{
		return 1;
	}
}

struct T0_IDENTIFIER_to_T1_IDENTIFIER_map T0_IDENTIFIER_to_T1_IDENTIFIER_map_copy(struct T0_IDENTIFIER_to_T1_IDENTIFIER_map * map){
	struct T0_IDENTIFIER_to_T1_IDENTIFIER_map copy;
	unsigned int total_size = binary_exponential_buffer_size(&map->key_value_pairs);
	unsigned int i;
	struct T0_IDENTIFIER_to_T1_IDENTIFIER_key_value_pair * src_data;
	struct T0_IDENTIFIER_to_T1_IDENTIFIER_key_value_pair * dst_data;
	binary_exponential_buffer_create(&copy.key_value_pairs, sizeof(struct T0_IDENTIFIER_to_T1_IDENTIFIER_key_value_pair));
	binary_exponential_buffer_increment(&copy.key_value_pairs, total_size);
	src_data = (struct T0_IDENTIFIER_to_T1_IDENTIFIER_key_value_pair *)binary_exponential_buffer_data(&map->key_value_pairs);
	dst_data = (struct T0_IDENTIFIER_to_T1_IDENTIFIER_key_value_pair *)binary_exponential_buffer_data(&copy.key_value_pairs);
	for(i = 0; i < total_size; i++){
		struct T0_IDENTIFIER_to_T1_IDENTIFIER_key_value_pair kvp;
		kvp.key = src_data[i].key;
		kvp.value = src_data[i].value;
		dst_data[i] = kvp;
	}
	return copy;
}

struct T0_IDENTIFIER_list T0_IDENTIFIER_to_T1_IDENTIFIER_map_keys(struct T0_IDENTIFIER_to_T1_IDENTIFIER_map * map){
	struct T0_IDENTIFIER_list rtn;
	unsigned int size = binary_exponential_buffer_size(&map->key_value_pairs);
	unsigned int i;
	struct T0_IDENTIFIER_to_T1_IDENTIFIER_key_value_pair * data = (struct T0_IDENTIFIER_to_T1_IDENTIFIER_key_value_pair *)binary_exponential_buffer_data(&map->key_value_pairs);
	T0_IDENTIFIER_list_create(&rtn);
	for(i = 0; i < size; i++){
		T0_IDENTIFIER_list_add_end(&rtn, data[i].key);
	}
	return rtn;
}

struct T1_IDENTIFIER_list T0_IDENTIFIER_to_T1_IDENTIFIER_map_values(struct T0_IDENTIFIER_to_T1_IDENTIFIER_map * map){
	struct T1_IDENTIFIER_list rtn;
	unsigned int size = binary_exponential_buffer_size(&map->key_value_pairs);
	unsigned int i;
	struct T0_IDENTIFIER_to_T1_IDENTIFIER_key_value_pair * data = (struct T0_IDENTIFIER_to_T1_IDENTIFIER_key_value_pair *)binary_exponential_buffer_data(&map->key_value_pairs);
	T1_IDENTIFIER_list_create(&rtn);
	for(i = 0; i < size; i++){
		T1_IDENTIFIER_list_add_end(&rtn, data[i].value);
	}
	return rtn;
}

unsigned int T0_IDENTIFIER_to_T1_IDENTIFIER_map_size(struct T0_IDENTIFIER_to_T1_IDENTIFIER_map * map){
	return binary_exponential_buffer_size(&map->key_value_pairs);
}

void T0_IDENTIFIER_to_T1_IDENTIFIER_map_remove(struct T0_IDENTIFIER_to_T1_IDENTIFIER_map * map, T0_LITERAL key){
	/* Remove key value pair with key item from map */
	unsigned int i = 0;
	unsigned int old_i = 0;
	unsigned int new_i = 0;
	struct T0_IDENTIFIER_to_T1_IDENTIFIER_key_value_pair * data = (struct T0_IDENTIFIER_to_T1_IDENTIFIER_key_value_pair *)binary_exponential_buffer_data(&map->key_value_pairs);

	for(i = 0; i < binary_exponential_buffer_size(&map->key_value_pairs); i++){
		if(T0_IDENTIFIER_compare(key, data[i].key)){
			data[new_i] = data[old_i];
			new_i++;
		}else{
			
		}
		old_i++;
	}

	binary_exponential_buffer_decrement(&map->key_value_pairs, old_i - new_i);
}
